CLOSED=geschlossen
OPEN=offen
undefined=unbekannt
ACTUAL=aktuell
PRESET=Sollwert
SCROLL-FOR-MORE-CHARTS=mehr Diagramme weiter unten
PROSERV-CHARTS=proServ Diagramme
ALL-VALUES=alle Werte
PROSERV-CHARTS=proServ Diagramme
MAIL-SUBJECT=KNX Datenaufzeichnung
MAIL-CONTENT=Hallo, Deine KNX Installation schickt Dir hiermit die gewünschten Daten
MAIL-SUBJECT-ALERT=Alarmmeldung Deiner KNX Installation
MAIL-CONTENT-ALERT=Diese Nachricht wurde von folgender KNX Meldung ausgelöst:
BRIGHTNESS-EAST=Helligkeit ost
BRIGHTNESS-SOUTH=Helligkeit süd
BRIGHTNESS-NORTH=Helligkeit nord
BRIGHTNESS-WEST=Helligkeit west
WINDSPEED=Windgeschwindigkeit
TEMPERATURE=Aussentemperatur
RAIN=Regen
OUTSIDE=Aussentemperatur
SAVEALLCHANGES=Speichern der Änderungen
PROSERVSCHEDULER=proServ Zeitschaltprogramme
SAVECONFRIM=Die Änderungen wurden gespeichert
SAVEFAILED=Während dem Speichern ist ein Fehler aufgetreten. Bitte versuchen Sie es erneut
ON=EIN
OFF=AUS
COMFORT=Komfort
NIGHT=Nacht
ACTIVATE=aktivieren
UPDOWN0=Auf
UPDOWN1=Ab
OPENCLOSE0=Öffnen
OPENCLOSE1=Schliessen
INOUT0=Rein
INOUT1=Raus
UP=Auf
DOWN=Ab
CLOSE=Schliessen
OPEN=Öffnen
IN=Rein
OUT=Raus
