CLOSED=closed
OPEN=open
undefined=unknown
ACTUAL=actual
PRESET=setpoint
SCROLL-FOR-MORE-CHARTS=Scroll down for more charts
PROSERV-CHARTS=Proserv charts
ALL-VALUES=All values
PROSERV-CHARTS=Proserv charts
MAIL-SUBJECT=Logfile
MAIL-CONTENT=Hello, the logfile you requested is attached.
MAIL-SUBJECT-ALERT=Alert
MAIL-CONTENT-ALERT=This is an alert mail triggered by :
BRIGHTNESS-EAST=Brightness-east
BRIGHTNESS-SOUTH=Brightness-south
BRIGHTNESS-NORTH=Brightness-north
BRIGHTNESS-WEST=Brightness-west
WINDSPEED=Wind speed
TEMPERATURE=Temperature
RAIN=Rain
OUTSIDE=outside
SAVEALLCHANGES=Save all changes
PROSERVSCHEDULER=proServ scheduler
SAVECONFRIM=The values have been saved!
SAVEFAILED=An error occured when submitting your request. Please try again!
ON=ON
OFF=OFF
COMFORT=Comfort
NIGHT=Night
ACTIVATE=Activate
UPDOWN0=Up
UPDOWN1=Down
OPENCLOSE0=Opened
OPENCLOSE1=Closed
INOUT0=In
INOUT1=Out
UP=Up
DOWN=Down
CLOSE=Close
OPEN=Open
IN=In
OUT=Out
PLEASE-CONFIGURE-IP=Please configure proserv IP ---------------->
NO-CONNECTION-PROSERV=No connection to proServ, check IP configuration! After a change of IP, wait 2 minutes to take effect. Finally refresh the browser.
PLEASE-CONFIGURE-CLASSIC=Please configure proserv IP from proServX 'standard'
NO-CONNECTION-PROSERV-CLASSIC=No connection to proServ, check IP configuration! 
