CLOSED=fermé
OPEN=ouvert
undefined=indéfini
ACTUAL=réelle
PRESET=consigne
SCROLL-FOR-MORE-CHARTS=Plus de courbes en bas
PROSERV-CHARTS=proServ courbes
ALL-VALUES=toutes les valeurs
PROSERV-CHARTS=proServ courbes
MAIL-SUBJECT=Enregistrements
MAIL-CONTENT=Bonjour, les enregistrements de votre installation KNX sont disponible en annexe.
MAIL-SUBJECT-ALERT=Message d'alarme de votre installation KNX
MAIL-CONTENT-ALERT=Cette alarme a été créé par :
BRIGHTNESS-EAST=Luminosité est
BRIGHTNESS-SOUTH=Luminosité sud
BRIGHTNESS-NORTH=Luminosité nord
BRIGHTNESS-WEST=Luminostié ouest
WINDSPEED=vitesse du vent
TEMPERATURE=Température extérieure
RAIN=Plui
OUTSIDE=Extérieure
SAVEALLCHANGES=Sauvegarder les modifications
PROSERVSCHEDULER=proServ Horloges
SAVECONFRIM=Les valeurs ont été sauvegardées
SAVEFAILED=Une erreur s'est produite lors de la soumission de votre demande. Essayez de nouveau!
ON=ON
OFF=OFF
COMFORT=Confort
NIGHT=Nuit
ACTIVATE=Activer
UPDOWN0=Monter
UPDOWN1=Descendre
OPENCLOSE0=Ouvrir
OPENCLOSE1=Fermer
INOUT0=Rentrer
INOUT1=Sortir
UP=Monter
DOWN=Descendre
CLOSE=Fermer
OPEN=Ouvrir
IN=Rentrer
OUT=Sortir

