CLOSED=FR:closed
OPEN=FR:open
undefined=FR:unknown
ACTUAL=FR:actual
PRESET=FR:setpoint
SCROLL-FOR-MORE-CHARTS=FR:Scroll down for more charts
PROSERV-CHARTS=FR:Proserv charts
ALL-VALUES=FR:All values
PROSERV-CHARTS=FR:Proserv charts
MAIL-SUBJECT=FR:Logfile
MAIL-CONTENT=FR:Hello, the logfile you requested is attached.
MAIL-SUBJECT-ALERT=FR:Alert
MAIL-CONTENT-ALERT=FR:This is an alert mail triggered by :
BRIGHTNESS-EAST=FR:Brightness-east
BRIGHTNESS-SOUTH=FR:Brightness-south
BRIGHTNESS-NORTH=FR:Brightness-north
BRIGHTNESS-WEST=FR:Brightness-west
WINDSPEED=FR:Wind speed
TEMPERATURE=FR:Temperature
RAIN=FR:Rain
OUTSIDE=FR:outside
SAVEALLCHANGES=FR:Save all changes
PROSERVSCHEDULER=FR:proServ scheduler
SAVECONFRIM=FR:The values have been saved!
SAVEFAILED=FR:An error occured when submitting your request. Please try again!
ON=FR:ON
OFF=FR:OFF
COMFORT=FR:Comfort
NIGHT=FR:Night
ACTIVATE=FR:Activate
UPDOWN0=FR:Up
UPDOWN1=FR:Down
CLOSEOPEN0=FR:Close
CLOSEOPEN1=FR:Open
INOUT0=FR:In
INOUT1=FR:Out
UP=FR:Up
DOWN=FR:Down
CLOSE=FR:Close
OPEN=FR:Open
IN=FR:In
OUT=FR:Out

